03:08:06 **** Incremental Build of configuration Debug for project MCU_PDU_V1 ****
make -j16 all 
arm-none-eabi-gcc "../Core/Src/ssd_energy.c" -mcpu=cortex-m4 -std=gnu11 -g3 -DDEBUG -DPDU_BUILD_MODE_RUNTIME -DUSE_HAL_DRIVER -DSTM32G474xx -c -I../Core/Inc -I../../Shared/Inc -I../Drivers/STM32G4xx_HAL_Driver/Inc -I../Drivers/STM32G4xx_HAL_Driver/Inc/Legacy -I../Drivers/CMSIS/Device/ST/STM32G4xx/Include -I../Drivers/CMSIS/Include -O0 -ffunction-sections -fdata-sections -Wall -fstack-usage -fcyclomatic-complexity -MMD -MP -MF"Core/Src/ssd_energy.d" -MT"Core/Src/ssd_energy.o" --specs=nano.specs -mfpu=fpv4-sp-d16 -mfloat-abi=hard -mthumb -o "Core/Src/ssd_energy.o"
arm-none-eabi-gcc -o "MCU_PDU_V1.elf" @"objects.list"   -mcpu=cortex-m4 -T"C:\Users\charl\Documents\STM32Cube\MCU_PDU_V1\STM32G474RETX_FLASH.ld" --specs=nosys.specs -Wl,-Map="MCU_PDU_V1.map" -Wl,--gc-sections -static --specs=nano.specs -mfpu=fpv4-sp-d16 -mfloat-abi=hard -mthumb -u _printf_float -Wl,--start-group -lc -lm -Wl,--end-group
Finished building target: MCU_PDU_V1.elf
 
arm-none-eabi-size  MCU_PDU_V1.elf 
arm-none-eabi-objdump -h -S MCU_PDU_V1.elf  > "MCU_PDU_V1.list"
   text	   data	    bss	    dec	    hex	filename
  61676	    468	   2972	  65116	   fe5c	MCU_PDU_V1.elf
Finished building: default.size.stdout
 
Finished building: MCU_PDU_V1.list
 

03:08:07 Build Finished. 0 errors, 0 warnings. (took 687ms)

