../Core/Src/main.c:91:5:main	8	static
../Core/Src/main.c:152:6:SystemClock_Config	88	static
../Core/Src/main.c:204:13:MX_ADC1_Init	56	static
../Core/Src/main.c:272:13:MX_ADC2_Init	40	static
../Core/Src/main.c:331:13:MX_FDCAN1_Init	8	static
../Core/Src/main.c:374:13:MX_I2C4_Init	8	static
../Core/Src/main.c:422:13:MX_RTC_Init	8	static
../Core/Src/main.c:459:13:MX_TIM17_Init	88	static
../Core/Src/main.c:522:13:MX_UART4_Init	8	static
../Core/Src/main.c:570:13:MX_USART3_UART_Init	8	static
../Core/Src/main.c:618:13:MX_GPIO_Init	48	static
../Core/Src/main.c:691:6:Error_Handler	4	static,ignoring_inline_asm
