../Core/Src/pdu_mcan_app.c:73:13:pack_be16	16	static
../Core/Src/pdu_mcan_app.c:80:16:fsat_i16	16	static
../Core/Src/pdu_mcan_app.c:88:13:fdcan_send	56	static
../Core/Src/pdu_mcan_app.c:119:13:send_fpga	24	static
../Core/Src/pdu_mcan_app.c:135:13:send_power_rails	24	static
../Core/Src/pdu_mcan_app.c:148:13:send_currents_temps	24	static
../Core/Src/pdu_mcan_app.c:160:13:send_ssd	24	static
../Core/Src/pdu_mcan_app.c:174:13:send_local_adc	32	static
../Core/Src/pdu_mcan_app.c:190:13:send_heartbeat	16	static
../Core/Src/pdu_mcan_app.c:200:13:handle_rx	24	static
../Core/Src/pdu_mcan_app.c:228:6:pdu_mcan_app_init	40	static
../Core/Src/pdu_mcan_app.c:258:6:pdu_mcan_app_tick	72	static
../Core/Src/pdu_mcan_app.c:295:17:pdu_mcan_app_cmds	4	static
../Core/Src/pdu_mcan_app.c:309:22:st_mcan_get_fdcan	4	static
../Core/Src/pdu_mcan_app.c:310:6:st_mcan_transceiver_set	16	static
../Core/Src/pdu_mcan_app.c:315:10:st_mcan_get_summary_code	4	static
../Core/Src/pdu_mcan_app.c:316:10:st_mcan_get_status_word	4	static
../Core/Src/pdu_mcan_app.c:317:10:st_mcan_local_mask_from_selector	16	static
../Core/Src/pdu_mcan_app.c:318:6:st_mcan_on_start_remote_selftest	16	static
../Core/Src/pdu_mcan_app.c:319:6:st_mcan_action_led_set	16	static
../Core/Src/pdu_mcan_app.c:320:6:st_mcan_action_buzzer_set	16	static
../Core/Src/pdu_mcan_app.c:321:6:st_dbg_printf	144	static
