../Core/Src/pdu_adc.c:78:14:raw12_to_vadc	16	static
../Core/Src/pdu_adc.c:86:14:conv_therm	24	static
../Core/Src/pdu_adc.c:98:13:tla_write_reg	32	static
../Core/Src/pdu_adc.c:106:13:tla_init	8	static
../Core/Src/pdu_adc.c:115:13:tla_read_channel	32	static
../Core/Src/pdu_adc.c:131:13:tla_read_channel_avg	24	static
../Core/Src/pdu_adc.c:149:13:ladc_read_one	56	static
../Core/Src/pdu_adc.c:174:13:ladc_read_avg	64	static
../Core/Src/pdu_adc.c:202:13:read_ext_adc	72	static
../Core/Src/pdu_adc.c:243:13:read_local_adc	16	static
../Core/Src/pdu_adc.c:282:6:pdu_adc_init	8	static
../Core/Src/pdu_adc.c:295:6:pdu_adc_tick	80	static
../Core/Src/pdu_adc.c:328:22:pdu_adc_get_ext	4	static
../Core/Src/pdu_adc.c:333:19:pdu_adc_get_local	4	static
