../Core/Src/pdu_app.c:45:13:pdu_debug_tick	128	static
../Core/Src/pdu_app.c:108:20:led_set	24	static
../Core/Src/pdu_app.c:115:20:aux_sw_set	48	static
../Core/Src/pdu_app.c:132:13:led_heartbeat_tick	16	static
../Core/Src/pdu_app.c:146:13:wdog_timer_init	48	static
../Core/Src/pdu_app.c:178:6:TIM6_DAC_IRQHandler	8	static
../Core/Src/pdu_app.c:184:13:buzzer_beep	24	static
../Core/Src/pdu_app.c:203:13:process_commands	24	static
../Core/Src/pdu_app.c:245:6:PDU_App_Init	8	static
../Core/Src/pdu_app.c:293:6:PDU_App_Task	48	static
