../Core/Src/ssd_energy.c:52:20:de_set	16	static
../Core/Src/ssd_energy.c:65:13:reapply_uart	32	static
../Core/Src/ssd_energy.c:97:13:flush_rx	24	static
../Core/Src/ssd_energy.c:120:13:post_tx_cleanup	8	static
../Core/Src/ssd_energy.c:132:13:send_cmd	24	static
../Core/Src/ssd_energy.c:158:15:read_capture	48	static
../Core/Src/ssd_energy.c:191:13:extract_last_line	48	static
../Core/Src/ssd_energy.c:224:13:query_i32	200	static
../Core/Src/ssd_energy.c:261:6:ssd_energy_init	32	static
../Core/Src/ssd_energy.c:299:6:ssd_energy_tick	32	static
../Core/Src/ssd_energy.c:347:23:ssd_energy_get	4	static
