../Core/Src/ssd_energy.c:43:20:de_set	16	static
../Core/Src/ssd_energy.c:56:13:reapply_uart	32	static
../Core/Src/ssd_energy.c:88:13:flush_rx	16	static
../Core/Src/ssd_energy.c:108:13:post_tx_cleanup	8	static
../Core/Src/ssd_energy.c:120:13:send_cmd	24	static
../Core/Src/ssd_energy.c:146:15:read_capture	40	static
../Core/Src/ssd_energy.c:175:13:extract_last_line	48	static
../Core/Src/ssd_energy.c:208:13:query_i32	200	static
../Core/Src/ssd_energy.c:245:6:ssd_energy_init	32	static
../Core/Src/ssd_energy.c:283:6:ssd_energy_tick	32	static
../Core/Src/ssd_energy.c:328:23:ssd_energy_get	4	static
