../Drivers/CMSIS/Include/core_cm7.h:2165:34:__NVIC_SystemReset	4	static,ignoring_inline_asm
../Core/Src/eth_udp.c:85:13:rx_callback	32	static
../Core/Src/eth_udp.c:103:13:process_rx	24	static
../Core/Src/eth_udp.c:134:13:send_packet	48	static
../Core/Src/eth_udp.c:176:13:send_debug_reply	48	static
../Core/Src/eth_udp.c:206:13:handle_debug_cmd	32	static
../Core/Src/eth_udp.c:341:6:eth_udp_init	8	static
../Core/Src/eth_udp.c:371:13:eth_dma_recover	8	static
../Core/Src/eth_udp.c:390:6:eth_udp_tick	16	static
../Core/Src/eth_udp.c:405:6:eth_udp_send_telem	16	static
../Core/Src/eth_udp.c:411:6:eth_udp_send_motor_fb	16	static
../Core/Src/eth_udp.c:417:6:eth_udp_send_imu_fast	16	static
../Core/Src/eth_udp.c:423:6:eth_udp_send_supervision	16	static
../Core/Src/eth_udp.c:428:6:eth_udp_consume_force_telem	4	static
../Core/Src/eth_udp.c:435:10:eth_udp_get_dma_resets	4	static
