../Core/Src/eth_stack.c:128:17:inet_checksum	24	static
../Core/Src/eth_stack.c:140:17:udp_checksum	40	static
../Core/Src/eth_stack.c:166:13:eth_tx	88	static
../Core/Src/eth_stack.c:230:13:handle_arp	32	static
../Core/Src/eth_stack.c:265:13:handle_icmp	48	static
../Core/Src/eth_stack.c:315:13:handle_udp	56	static
../Core/Src/eth_stack.c:374:13:eth_process_frame	32	static
../Core/Src/eth_stack.c:412:13:phy_read	24	static
../Core/Src/eth_stack.c:417:13:phy_detect	32	static
../Core/Src/eth_stack.c:436:6:eth_stack_init	144	static
../Core/Src/eth_stack.c:520:6:eth_stack_poll	16	static
../Core/Src/eth_stack.c:534:6:eth_stack_stop	8	static
../Core/Src/eth_stack.c:543:6:eth_stack_is_up	4	static
../Core/Src/eth_stack.c:545:6:eth_stack_udp_echo_set	16	static
../Core/Src/eth_stack.c:552:6:eth_stack_print_ip	8	static
../Core/Src/eth_stack.c:558:6:eth_stack_print_stats	72	static
