../Drivers/CMSIS/Include/core_cm7.h:2165:34:__NVIC_SystemReset	4	static,ignoring_inline_asm
../Core/Src/main.c:103:5:main	16	static
../Core/Src/main.c:192:6:SystemClock_Config	120	static
../Core/Src/main.c:252:13:MX_ADC1_Init	56	static
../Core/Src/main.c:321:13:MX_FDCAN1_Init	8	static
../Core/Src/main.c:374:13:MX_FDCAN2_Init	8	static
../Core/Src/main.c:427:13:MX_FDCAN3_Init	8	static
../Core/Src/main.c:480:13:MX_I2C3_Init	8	static
../Core/Src/main.c:528:13:MX_RTC_Init	8	static
../Core/Src/main.c:564:13:MX_SPI3_Init	8	static
../Core/Src/main.c:612:13:MX_SPI4_Init	8	static
../Core/Src/main.c:660:13:MX_TIM1_Init	104	static
../Core/Src/main.c:730:13:MX_UART4_Init	8	static
../Core/Src/main.c:778:13:MX_UART8_Init	8	static
../Core/Src/main.c:826:13:MX_USART2_UART_Init	8	static
../Core/Src/main.c:874:13:MX_GPIO_Init	56	static
../Core/Src/main.c:1000:6:MPU_Config	24	static
../Core/Src/main.c:1046:6:Error_Handler	16	static
