../Core/Src/rcu can issue.c:362:6:RCU_SelfTest_Init	8	static
../Core/Src/rcu can issue.c:382:6:RCU_SelfTest_Task	16	static
../Core/Src/rcu can issue.c:394:13:st_dbg_printf	272	static
../Core/Src/rcu can issue.c:406:13:st_prompt	8	static
../Core/Src/rcu can issue.c:408:13:st_str_eq_nocase	24	static
../Core/Src/rcu can issue.c:418:20:st_status_str	16	static
../Core/Src/rcu can issue.c:431:14:st_therm_apply_cal	16	static
../Core/Src/rcu can issue.c:437:13:st_therm_print_detail	48	static
../Core/Src/rcu can issue.c:453:13:st_led_set	24	static
../Core/Src/rcu can issue.c:464:13:st_led_all_off	8	static
../Core/Src/rcu can issue.c:465:13:st_hb_set	16	static
../Core/Src/rcu can issue.c:468:13:st_eth_reset_set	16	static
../Core/Src/rcu can issue.c:469:13:st_can_pdu_stb_set	16	static
../Core/Src/rcu can issue.c:470:13:st_can_left_stb_set	16	static
../Core/Src/rcu can issue.c:471:13:st_can_right_stb_set	16	static
../Core/Src/rcu can issue.c:473:13:st_esp_reset_set	16	static
../Core/Src/rcu can issue.c:474:13:st_imu0_ncs_set	16	static
../Core/Src/rcu can issue.c:475:13:st_imu1_ncs_set	16	static
../Core/Src/rcu can issue.c:477:17:st_tim1_kernel_clock_hz	48	static
../Core/Src/rcu can issue.c:486:13:st_buzzer_off	8	static
../Core/Src/rcu can issue.c:494:13:st_buzzer_start	40	static
../Core/Src/rcu can issue.c:515:14:st_adc_raw16_to_v	16	static
../Core/Src/rcu can issue.c:520:13:st_therm_read_raw	24	static
../Core/Src/rcu can issue.c:534:14:st_therm_to_c	32	static
../Core/Src/rcu can issue.c:543:13:st_can_loopback_test	256	static
../Core/Src/rcu can issue.c:628:13:st_eth_phy_read	24	static
../Core/Src/rcu can issue.c:633:12:st_eth_phy_detect	40	static
../Core/Src/rcu can issue.c:649:13:st_eth_print_basic_status	56	static
../Core/Src/rcu can issue.c:667:13:st_spi_make_8bit	16	static
../Core/Src/rcu can issue.c:689:13:st_imu_read_reg	40	static
../Core/Src/rcu can issue.c:701:13:st_imu_write_reg	32	static
../Core/Src/rcu can issue.c:710:13:st_imu_read_burst	32	static
../Core/Src/rcu can issue.c:721:13:st_imu_config_basic	32	static
../Core/Src/rcu can issue.c:731:13:st_imu_read_sample	48	static
../Core/Src/rcu can issue.c:745:27:st_imu_spi	16	static
../Core/Src/rcu can issue.c:750:22:st_imu_ncs_port	16	static
../Core/Src/rcu can issue.c:755:17:st_imu_ncs_pin	16	static
../Core/Src/rcu can issue.c:760:20:st_imu_name	16	static
../Core/Src/rcu can issue.c:765:13:st_imu_prepare	32	static
../Core/Src/rcu can issue.c:775:13:st_imu_read_whoami_idx	32	static
../Core/Src/rcu can issue.c:780:13:st_imu_read_sample_idx	32	static
../Core/Src/rcu can issue.c:793:13:st_imu_print_sample_idx	64	static
../Core/Src/rcu can issue.c:802:20:st_test_imu_common	88	static
../Core/Src/rcu can issue.c:837:13:st_exp_i2c_scan	16	static
../Core/Src/rcu can issue.c:847:13:st_inputs_monitor_print	64	static
../Core/Src/rcu can issue.c:861:13:st_therm_monitor_print	32	static
../Core/Src/rcu can issue.c:873:13:st_esp_monitor_poll	16	static
../Core/Src/rcu can issue.c:889:13:st_reset_all_tests	16	static
../Core/Src/rcu can issue.c:898:12:st_test_index_from_name	24	static
../Core/Src/rcu can issue.c:906:13:st_start_one	24	static
../Core/Src/rcu can issue.c:929:13:st_start_all	16	static
../Core/Src/rcu can issue.c:953:13:st_abort	16	static
../Core/Src/rcu can issue.c:965:13:st_runner_poll	40	static
../Core/Src/rcu can issue.c:1077:13:st_monitor_poll	32	static
../Core/Src/rcu can issue.c:1101:13:st_mcan_init	8	static
../Core/Src/rcu can issue.c:1108:13:st_mcan_clear_stats_local	24	static
../Core/Src/rcu can issue.c:1122:16:st_mcan_summary_code	16	static
../Core/Src/rcu can issue.c:1131:17:st_mcan_status_word	16	static
../Core/Src/rcu can issue.c:1138:13:st_mcan_print_stats	112	static
../Core/Src/rcu can issue.c:1160:13:st_mcan_bus_config	56	static
../Core/Src/rcu can issue.c:1190:13:st_mcan_bus_disable	8	static
../Core/Src/rcu can issue.c:1196:13:st_mcan_send_frame	56	static
../Core/Src/rcu can issue.c:1215:13:st_mcan_send_simple	24	static
../Core/Src/rcu can issue.c:1228:13:st_mcan_send_status_resp	32	static
../Core/Src/rcu can issue.c:1243:13:st_mcan_send_heartbeat	24	static
../Core/Src/rcu can issue.c:1260:13:st_mcan_start_ping	24	static
../Core/Src/rcu can issue.c:1273:13:st_mcan_stop_ping	4	static
../Core/Src/rcu can issue.c:1279:13:st_mcan_handle_action	16	static
../Core/Src/rcu can issue.c:1308:13:st_mcan_handle_rx_frame	64	static
../Core/Src/rcu can issue.c:1397:13:st_mcan_poll	80	static
../Core/Src/rcu can issue.c:1453:13:st_print_help	8	static
../Core/Src/rcu can issue.c:1476:13:st_print_tests	24	static
../Core/Src/rcu can issue.c:1485:13:st_print_status	96	static
../Core/Src/rcu can issue.c:1504:13:st_print_summary	48	static
../Core/Src/rcu can issue.c:1531:13:st_handle_uart_rx	16	static
../Core/Src/rcu can issue.c:1560:13:st_process_line	192	static
../Core/Src/rcu can issue.c:1916:13:test_gpio_reset	8	static
../Core/Src/rcu can issue.c:1917:13:test_gpio_start	8	static
../Core/Src/rcu can issue.c:1918:20:test_gpio_poll	24	static
../Core/Src/rcu can issue.c:1932:13:test_buzzer_reset	8	static
../Core/Src/rcu can issue.c:1933:13:test_buzzer_start	8	static
../Core/Src/rcu can issue.c:1934:20:test_buzzer_poll	24	static
../Core/Src/rcu can issue.c:1950:13:test_therm_reset	4	static
../Core/Src/rcu can issue.c:1951:13:test_therm_start	4	static
../Core/Src/rcu can issue.c:1952:20:test_therm_poll	64	static
../Core/Src/rcu can issue.c:1967:13:test_pdufault_reset	4	static
../Core/Src/rcu can issue.c:1968:13:test_pdufault_start	4	static
../Core/Src/rcu can issue.c:1969:20:test_pdufault_poll	32	static
../Core/Src/rcu can issue.c:1977:13:test_canpdu_reset	4	static
../Core/Src/rcu can issue.c:1978:13:test_canpdu_start	8	static
../Core/Src/rcu can issue.c:1979:20:test_canpdu_poll	32	static
../Core/Src/rcu can issue.c:1987:13:test_canleft_reset	4	static
../Core/Src/rcu can issue.c:1988:13:test_canleft_start	8	static
../Core/Src/rcu can issue.c:1989:20:test_canleft_poll	32	static
../Core/Src/rcu can issue.c:1997:13:test_canright_reset	4	static
../Core/Src/rcu can issue.c:1998:13:test_canright_start	8	static
../Core/Src/rcu can issue.c:1999:20:test_canright_poll	32	static
../Core/Src/rcu can issue.c:2007:13:test_eth_reset	4	static
../Core/Src/rcu can issue.c:2008:13:test_eth_start	8	static
../Core/Src/rcu can issue.c:2015:20:test_eth_poll	64	static
../Core/Src/rcu can issue.c:2034:13:test_imu0_reset	4	static
../Core/Src/rcu can issue.c:2035:13:test_imu0_start	8	static
../Core/Src/rcu can issue.c:2036:20:test_imu0_poll	24	static
../Core/Src/rcu can issue.c:2042:13:test_imu1_reset	4	static
../Core/Src/rcu can issue.c:2043:13:test_imu1_start	8	static
../Core/Src/rcu can issue.c:2044:20:test_imu1_poll	24	static
../Core/Src/rcu can issue.c:2050:13:test_esp_reset	8	static
../Core/Src/rcu can issue.c:2051:13:test_esp_start	8	static
../Core/Src/rcu can issue.c:2059:20:test_esp_poll	40	static
../Core/Src/rcu can issue.c:2084:13:test_exp_reset	4	static
../Core/Src/rcu can issue.c:2085:13:test_exp_start	4	static
../Core/Src/rcu can issue.c:2086:20:test_exp_poll	48	static
